
> adezo-os-2@2.0.0 build
> next build

   Ôľ▓ Next.js 15.5.19
   - Environments: .env.local

   Creating an optimized production build ...
 Ôťô Compiled successfully in 4.0s
   Linting and checking validity of types ...
   Collecting page data ...
   Generating static pages (0/5) ...
   Generating static pages (1/5) 
   Generating static pages (2/5) 
   Generating static pages (3/5) 
 Ôťô Generating static pages (5/5)
   Finalizing page optimization ...
   Collecting build traces ...

Route (app)                                 Size  First Load JS
Ôöî ÔŚő /                                      140 B         102 kB
Ôöť ÔŚő /_not-found                            995 B         103 kB
Ôöť Ăĺ /ceo-score                           3.26 kB         114 kB
Ôöť Ăĺ /dashboard                           5.58 kB         221 kB
Ôöť Ăĺ /dead-leads                            140 B         102 kB
Ôöť Ăĺ /followups                             140 B         102 kB
Ôöť Ăĺ /leads                                 140 B         102 kB
Ôöť ÔŚő /login                               2.33 kB         178 kB
Ôöť Ăĺ /marketing                           5.36 kB         218 kB
Ôöť Ăĺ /models                                140 B         102 kB
Ôöť Ăĺ /money-leak                          8.28 kB         214 kB
Ôöť Ăĺ /offers                                140 B         102 kB
Ôöö Ăĺ /salespeople                          3.9 kB         216 kB
+ First Load JS shared by all             102 kB
  Ôöť chunks/255-69a4a78fac9becef.js         46 kB
  Ôöť chunks/4bd1b696-409494caf8c83275.js  54.2 kB
  Ôöö other shared chunks (total)          2.05 kB


Ăĺ Middleware                             89.6 kB

ÔŚő  (Static)   prerendered as static content
Ăĺ  (Dynamic)  server-rendered on demand

